../Drivers/CMSIS/Include/core_cm7.h:2464:22:SCB_InvalidateDCache_by_Addr	32	static,ignoring_inline_asm
../LWIP/Target/ethernetif.c:154:6:HAL_ETH_RxCpltCallback	16	static
../LWIP/Target/ethernetif.c:163:6:HAL_ETH_TxCpltCallback	16	static
../LWIP/Target/ethernetif.c:172:6:HAL_ETH_ErrorCallback	16	static
../LWIP/Target/ethernetif.c:194:13:low_level_init	104	static
../LWIP/Target/ethernetif.c:321:14:low_level_output	80	static
../LWIP/Target/ethernetif.c:393:22:low_level_input	24	static
../LWIP/Target/ethernetif.c:414:13:ethernetif_input	24	static
../LWIP/Target/ethernetif.c:471:7:ethernetif_init	16	static
../LWIP/Target/ethernetif.c:522:6:pbuf_free_custom	24	static
../LWIP/Target/ethernetif.c:545:7:sys_jiffies	8	static
../LWIP/Target/ethernetif.c:556:7:sys_now	8	static
../LWIP/Target/ethernetif.c:572:6:ethernet_link_thread	16	static
../LWIP/Target/ethernetif.c:590:6:HAL_ETH_RxAllocateCallback	32	static
../LWIP/Target/ethernetif.c:612:6:HAL_ETH_RxLinkCallback	40	static
../LWIP/Target/ethernetif.c:652:6:HAL_ETH_TxFreeCallback	16	static
../LWIP/Target/ethernetif.c:667:13:ethernetif_notify_conn_changed	16	static
../LWIP/Target/ethernetif.c:676:6:RMII_Thread	16	static
