../Core/Src/main.c:225:5:main	272	static
../Core/Src/main.c:399:6:SystemClock_Config	216	static
../Core/Src/main.c:465:13:MX_ADC1_Init	24	static
../Core/Src/main.c:515:13:MX_ADC3_Init	24	static
../Core/Src/main.c:565:13:MX_CRC_Init	8	static
../Core/Src/main.c:596:13:MX_DAC_Init	16	static
../Core/Src/main.c:634:13:MX_DMA2D_Init	8	static
../Core/Src/main.c:671:13:MX_LTDC_Init	64	static
../Core/Src/main.c:733:13:MX_RNG_Init	8	static
../Core/Src/main.c:759:13:MX_TIM1_Init	40	static
../Core/Src/main.c:806:13:MX_TIM2_Init	40	static
../Core/Src/main.c:851:13:MX_TIM3_Init	88	static
../Core/Src/main.c:917:13:MX_TIM5_Init	40	static
../Core/Src/main.c:962:13:MX_TIM8_Init	112	static
../Core/Src/main.c:1037:13:MX_FMC_Init	40	static
../Core/Src/main.c:1088:13:MX_GPIO_Init	72	static
../Core/Src/main.c:1352:6:repopulate_ennemie_list	32	static
../Core/Src/main.c:1377:6:update_leds	16	static
../Core/Src/main.c:1387:6:lcd_plot_rect	24	static
../Core/Src/main.c:1396:6:lcd_plot_circ	24	static
../Core/Src/main.c:1407:6:lcd_plot_text_pos	24	static
../Core/Src/main.c:1417:6:lcd_plot_text_line	24	static
../Core/Src/main.c:1427:6:lcd_plot_bitmap	16	static
../Core/Src/main.c:1434:9:proba_bernoulli	24	static
../Core/Src/main.c:1449:9:proba_tirrage	24	static
../Core/Src/main.c:1457:9:colision_missile	16	static
../Core/Src/main.c:1470:6:f_GameMaster	56	static
../Core/Src/main.c:1513:6:f_Joueur_1	120	static
../Core/Src/main.c:1630:6:f_block_enemie	120	static
../Core/Src/main.c:1741:6:f_projectile	136	dynamic
../Core/Src/main.c:1828:6:f_HUD	240	static
../Core/Src/main.c:1856:6:f_chargeur	24	static
../Core/Src/main.c:1882:6:HAL_TIM_PeriodElapsedCallback	16	static
../Core/Src/main.c:1899:6:Error_Handler	4	static,ignoring_inline_asm
