../Core/Src/main.c:226:5:main	272	static
../Core/Src/main.c:405:6:SystemClock_Config	88	static
../Core/Src/main.c:461:6:PeriphCommonClock_Config	144	static
../Core/Src/main.c:486:13:MX_ADC1_Init	24	static
../Core/Src/main.c:538:13:MX_ADC3_Init	24	static
../Core/Src/main.c:590:13:MX_CRC_Init	8	static
../Core/Src/main.c:621:13:MX_DAC_Init	16	static
../Core/Src/main.c:661:13:MX_DMA2D_Init	8	static
../Core/Src/main.c:698:13:MX_LTDC_Init	64	static
../Core/Src/main.c:760:13:MX_RNG_Init	8	static
../Core/Src/main.c:786:13:MX_TIM1_Init	40	static
../Core/Src/main.c:833:13:MX_TIM2_Init	40	static
../Core/Src/main.c:878:13:MX_TIM3_Init	88	static
../Core/Src/main.c:944:13:MX_TIM5_Init	40	static
../Core/Src/main.c:989:13:MX_TIM8_Init	112	static
../Core/Src/main.c:1064:13:MX_FMC_Init	40	static
../Core/Src/main.c:1115:13:MX_GPIO_Init	72	static
../Core/Src/main.c:1385:6:repopulate_ennemie_list	32	static
../Core/Src/main.c:1410:6:update_leds	16	static
../Core/Src/main.c:1423:6:lcd_plot_rect	24	static
../Core/Src/main.c:1432:6:lcd_plot_circ	24	static
../Core/Src/main.c:1443:6:lcd_plot_text_pos	24	static
../Core/Src/main.c:1453:6:lcd_plot_text_line	24	static
../Core/Src/main.c:1463:6:lcd_plot_bitmap	16	static
../Core/Src/main.c:1470:9:proba_bernoulli	24	static
../Core/Src/main.c:1485:9:proba_tirrage	24	static
../Core/Src/main.c:1493:9:colision_missile	16	static
../Core/Src/main.c:1506:6:f_GameMaster	56	static
../Core/Src/main.c:1549:6:f_Joueur_1	184	static
../Core/Src/main.c:1671:6:f_block_enemie	120	static
../Core/Src/main.c:1782:6:f_projectile	136	dynamic
../Core/Src/main.c:1869:6:f_HUD	240	static
../Core/Src/main.c:1897:6:f_chargeur	24	static
../Core/Src/main.c:1923:6:HAL_TIM_PeriodElapsedCallback	16	static
../Core/Src/main.c:1941:6:Error_Handler	4	static,ignoring_inline_asm
